# 01 · Context violation — `createHook()` called inside a step

## Scenario

`workbench/example/workflows/1_simple.ts` patched to call `createHook()`
from inside the `add` step:

```ts
async function add(a: number, b: number): Promise<number> {
  'use step';
  createHook();          // ← workflow-only API called from step context
  // ... user retry logic that should never run, because this throws
}
```

Run via `POST /api/workflows/start { "workflowName": "simple", "args": [1] }`.

## What this PR changes

- **Single block, no retries.** Context-violation errors now set `fatal: true`
  and `FatalError.is(err)` recognizes them, so the step dies on attempt 1
  instead of burning through 3 retries and spamming 4 near-identical log
  blocks.
- **Plain text in `errorMessage` / `errorStack` / `hint`.** Fields are free
  of `\x1B[...m` ANSI escape bytes — structured log drains and CBOR event
  payloads stay clean. The fancy framed rendering lives on
  `[util.inspect.custom]` / `toString()` only.
- **User-vs-SDK attribution.** `errorAttribution: 'user'` flags this as a
  user-caused fault (not an SDK bug), feeding into the future ownership UI.
- **Docs link.** `╰▶ docs: https://workflow-sdk.dev/docs/api-reference/workflow/create-hook`
  points the user at the exact API reference.

## Actual log output

```
Simple workflow started
[workflow-sdk] Step "step//./workflows/1_simple//add" threw a FatalError — bubbling up to parent workflow {
  workflowRunId: 'wrun_01KPYQY5T3QRKXZA5WHCB7S7KC',
  stepName: 'step//./workflows/1_simple//add',
  errorAttribution: 'user',
  errorName: 'NotInWorkflowContextError',
  errorMessage: '`createHook()` can only be called inside a workflow function\n' +
    '╰▶ docs: https://workflow-sdk.dev/docs/api-reference/workflow/create-hook',
  errorStack: 'NotInWorkflowContextError: `createHook()` can only be called inside a workflow function\n' +
    '╰▶ docs: https://workflow-sdk.dev/docs/api-reference/workflow/create-hook\n' +
    '    at add (.../workbench_0njdtf~._.js:3275:164)\n' +
    '    … (full stack omitted) …',
  hint: 'A workflow-only or step-only API was called from the wrong context. The error message includes the exact API and how to move the call.'
}
 POST /.well-known/workflow/v1/step 200 in 150ms (next.js: 92ms, application-code: 58ms)
[workflow-sdk] Workflow "workflow//./workflows/1_simple//simple" threw
NotInWorkflowContextError: `createHook()` can only be called inside a workflow function
╰▶ docs: https://workflow-sdk.dev/docs/api-reference/workflow/create-hook
    at add (.../workbench_0njdtf~._.js:3275:164)
    … (full stack omitted) …
 POST /.well-known/workflow/v1/flow 200 in 89ms (next.js: 11ms, application-code: 77ms)
```

Followed by the standard `WorkflowRunFailedError` thrown out of `start()` to
the caller, with the original context-violation error attached as `[cause]`
(same plain text, no ANSI).

## Compare: pre-PR

Before this PR the same scenario emitted:

1. Four near-identical log blocks (1 original + 3 retries) — context
   violations weren't recognized as fatal, so the step was retried up to
   max attempts even though it was guaranteed to fail again.
2. `errorMessage` / `errorStack` contained literal `\x1B[31m...\x1B[0m`
   ANSI escape bytes, making structured log drains unreadable.
3. No `errorAttribution` field.
4. No `hint` field / docs link.

## Related changesets

- `.changeset/context-errors-plain-message.md` — plain `.message` / `.stack`, lazy pretty inspect
- `.changeset/context-errors-fatal.md` — `FatalError.is()` widening
- `.changeset/friendlier-error-attribution.md` — `errorAttribution` field
- `.changeset/friendlier-logger-metadata.md` — `[workflow-sdk]` prefix, scoped logger
