# 04 · Error attribution — `FatalError` thrown by user code

## Scenario

User throws an explicit `FatalError` from a step — the canonical "stop
retrying, this will never succeed" signal. The PR ensures the resulting
log clearly attributes ownership to **user** (not SDK).

```ts
async function add(a: number, b: number): Promise<number> {
  'use step';
  throw new FatalError('This step cannot possibly succeed: bad inputs');
}
```

## Actual log output

Single failure block (no retry loop):

```
Simple workflow started
 POST /.well-known/workflow/v1/flow 200 in 281ms (next.js: 192ms, application-code: 89ms)
[workflow-sdk] Step "step//./workflows/1_simple//add" threw a FatalError — bubbling up to parent workflow {
  workflowRunId: 'wrun_01KPYR...',
  stepName: 'step//./workflows/1_simple//add',
  errorAttribution: 'user',
  errorName: 'FatalError',
  errorMessage: 'This step cannot possibly succeed: bad inputs',
  errorStack: 'FatalError: This step cannot possibly succeed: bad inputs\n' +
    '    at add (…workbench_0njdtf~._.js:3275:11)\n' +
    '    … (full stack omitted for brevity) …'
}
 POST /.well-known/workflow/v1/step 200 in 192ms (next.js: 143ms, application-code: 49ms)
[workflow-sdk] Workflow "workflow//./workflows/1_simple//simple" threw
FatalError: This step cannot possibly succeed: bad inputs
    at add (…workbench_0njdtf~._.js:3275:11)
    … (full stack omitted) …
{
  workflowRunId: 'wrun_01KPYR...',
  workflowName: 'workflow//./workflows/1_simple//simple',
  errorCode: 'USER_ERROR',
  errorAttribution: 'user',
  errorName: 'FatalError',
  errorMessage: 'This step cannot possibly succeed: bad inputs'
}
 POST /.well-known/workflow/v1/flow 200 in 78ms (next.js: 11ms, application-code: 68ms)
```

## What this PR ensures

- **`errorAttribution: 'user'`** is set on both the step-level and
  workflow-level failure logs — downstream triage UI can separate
  user-code faults from SDK-internal faults.
- **`errorCode: 'USER_ERROR'`** on the workflow-level log.
- **`[workflow-sdk]` prefix** on both log lines so SDK-emitted output is
  grepable.
- **Short-circuit on attempt 1** — `FatalError.is(err)` matches a user
  `FatalError` directly, so the queue retry loop does not fire.

## Related changesets

- `.changeset/friendlier-error-attribution.md` — `errorAttribution` field
- `.changeset/friendlier-logger-metadata.md` — `[workflow-sdk]` prefix
